<form
action=""
method="post">
<div
class="form-group
has-error">
<label
for="frm-name">Your
name</label>
<input
type="text"
name="name"
id="frm-name"
class="form-control">
<span
class="help-block
text-danger">Too
short</span>
</div>
<fieldset>
<legend>G1</legend>
<div
class="form-group">
<div
class="checkbox">
<label
for="frm-agree">
<input
type="checkbox"
name="agree"
id="frm-agree">I
agree</label>
</div>
</div>
<input
type="image"
name="picture[]"
src="//avatars1.githubusercontent.com/u/13833444?v=3&amp;s=200"
class="btn
btn-primary">
</fieldset>
<fieldset>
<legend>G2</legend>
<div
class="form-group">
<label
for="frm-sure">Are
you
sure?</label>
<select
name="sure"
id="frm-sure"
class="form-control">
<option
value="y">yes</option>
<option
value="n">no</option>
</select>
</div>
<input
type="submit"
name="y"
value="Send"
class="btn
btn-primary">
</fieldset>
<!--[if
IE]>
<input
type=IEbug
disabled
style="display:none">
<![endif]-->
</form>
